Archive member included because of file (symbol)

../cross_compiler/lib/gcc/arm-none-eabi/4.8.1//libgcc.a(_udivsi3.o)
                              binaries/qsort.o (__aeabi_uidiv)
../cross_compiler/lib/gcc/arm-none-eabi/4.8.1//libgcc.a(_divsi3.o)
                              binaries/doprnt.o (__aeabi_idiv)
../cross_compiler/lib/gcc/arm-none-eabi/4.8.1//libgcc.a(_dvmd_tls.o)
                              ../cross_compiler/lib/gcc/arm-none-eabi/4.8.1//libgcc.a(_udivsi3.o) (__aeabi_idiv0)
../cross_compiler/lib/gcc/arm-none-eabi/4.8.1//libgcc.a(_arm_addsubdf3.o)
                              binaries/main.o (__aeabi_ui2d)
../cross_compiler/lib/gcc/arm-none-eabi/4.8.1//libgcc.a(_arm_muldivdf3.o)
                              binaries/main.o (__aeabi_dmul)
../cross_compiler/lib/gcc/arm-none-eabi/4.8.1//libgcc.a(_arm_cmpdf2.o)
                              binaries/doprnt.o (__aeabi_dcmplt)
../cross_compiler/lib/gcc/arm-none-eabi/4.8.1//libgcc.a(_arm_fixdfsi.o)
                              binaries/doprnt.o (__aeabi_d2iz)
../cross_compiler/lib/gcc/arm-none-eabi/4.8.1//libgcc.a(_arm_truncdfsf2.o)
                              binaries/main.o (__aeabi_d2f)
../cross_compiler/lib/gcc/arm-none-eabi/4.8.1//libgcc.a(_arm_addsubsf3.o)
                              binaries/main.o (__aeabi_fsub)
../cross_compiler/lib/gcc/arm-none-eabi/4.8.1//libgcc.a(_arm_muldivsf3.o)
                              binaries/main.o (__aeabi_fmul)
../cross_compiler/lib/gcc/arm-none-eabi/4.8.1//libgcc.a(_arm_fixsfsi.o)
                              binaries/main.o (__aeabi_f2iz)
../cross_compiler/lib/gcc/arm-none-eabi/4.8.1//libgcc.a(_arm_fixunssfsi.o)
                              binaries/main.o (__aeabi_f2uiz)

Allocating common symbols
Common symbol       size              file

netbufpool          0x4               binaries/net.o
readylist           0x2               binaries/ready.o
rfltab              0x5a0             binaries/rflinit.o
netportseed         0x4               binaries/net.o
sleepq              0x2               binaries/clkinit.o
intc_vector         0x200             binaries/evec.o
nnames              0x4               binaries/naminit.o
udptab              0x168             binaries/udp.o
minheap             0x4               binaries/meminit.o
marks               0x50              binaries/mark.o
currpid             0x4               binaries/initialize.o
Lf_data             0x20c             binaries/lfsinit.o
porttab             0x2d0             binaries/ptinit.o
ttytab              0x110             binaries/ttyinit.o
proctab             0x15e0            binaries/initialize.o
eth_a_regs          0x1c              binaries/ethinit.o
prcount             0x4               binaries/initialize.o
lfltab              0xf00             binaries/lflinit.o
rdstab              0x8c              binaries/rdsinit.o
ethertab            0x138             binaries/ethinit.o
NetData             0xb0              binaries/net.o
nmarks              0x4               binaries/mark.o
Defer               0x8               binaries/resched.o
semtab              0x4b0             binaries/initialize.o
maxheap             0x4               binaries/meminit.o
preempt             0x4               binaries/clkinit.o
buftab              0xf0              binaries/bufinit.o
Rf_data             0x18              binaries/rfsinit.o
slotClient          0x4               binaries/main.o
mkmutex             0x4               binaries/mark.o
readSem             0x4               binaries/adcinit.o
clktime             0x4               binaries/clkinit.o
arpcache            0x140             binaries/arp.o
icmptab             0x230             binaries/icmp.o
nbpools             0x4               binaries/bufinit.o
slotServer          0x4               binaries/main.o
queuetab            0x980             binaries/queue.o
ptnextid            0x4               binaries/ptinit.o
Ram                 0x19000           binaries/raminit.o
ipoqueue            0x2c              binaries/ip.o
memlist             0x8               binaries/initialize.o
nametab             0x19a0            binaries/naminit.o
ptfree              0x4               binaries/ptinit.o

Memory Configuration

Name             Origin             Length             Attributes
*default*        0x00000000         0xffffffff

Linker script and memory map

                0x81000000                physbase = 0x81000000
                0x81000000                . = physbase
                0x81000000                . = ALIGN (0x1000)

.text           0x81000000    0x17000
                0x81000000                text = ABSOLUTE (.)
 *(.text .text.*)
 .text          0x81000000       0x4c binaries/start.o
                0x81000000                start
 .text          0x8100004c      0x33c binaries/ascdate.o
                0x8100004c                ascdate
 .text          0x81000388       0x18 binaries/bufinit.o
                0x81000388                bufinit
 .text          0x810003a0       0x68 binaries/chprio.o
                0x810003a0                chprio
 .text          0x81000408       0xf0 binaries/clkhandler.o
                0x81000408                clkhandler
 .text          0x810004f8       0xd4 binaries/clkinit.o
                0x810004f8                clkinit
 .text          0x810005cc       0x50 binaries/close.o
                0x810005cc                close
 .text          0x8100061c        0x0 binaries/conf.o
 .text          0x8100061c       0x68 binaries/control.o
                0x8100061c                control
 .text          0x81000684      0x294 binaries/create.o
                0x81000684                create
 .text          0x81000918       0xc8 binaries/deviceoperations.o
                0x81000918                pread
                0x8100098c                pwrite
 .text          0x810009e0       0xb0 binaries/evec.o
                0x810009e0                initintc
                0x81000a0c                set_evec
                0x81000a4c                irq_dispatch
 .text          0x81000a90       0x10 binaries/exit.o
                0x81000a90                exit
 .text          0x81000aa0       0x7c binaries/freebuf.o
                0x81000aa0                freebuf
 .text          0x81000b1c      0x148 binaries/freemem.o
                0x81000b1c                freemem
 .text          0x81000c64       0x78 binaries/getbuf.o
                0x81000c64                getbuf
 .text          0x81000cdc       0x50 binaries/getc.o
                0x81000cdc                getc
 .text          0x81000d2c       0x68 binaries/getdev.o
                0x81000d2c                getdev
 .text          0x81000d94       0xa0 binaries/getitem.o
                0x81000d94                getitem
                0x81000dc4                getfirst
                0x81000df8                getlast
 .text          0x81000e34      0x108 binaries/getmem.o
                0x81000e34                getmem
 .text          0x81000f3c       0x10 binaries/getpid.o
                0x81000f3c                getpid
 .text          0x81000f4c       0x5c binaries/getprio.o
                0x81000f4c                getprio
 .text          0x81000fa8       0xc8 binaries/getstk.o
                0x81000fa8                getstk
 .text          0x81001070        0x8 binaries/getticks.o
                0x81001070                getticks
 .text          0x81001078       0x38 binaries/gettime.o
                0x81001078                gettime
 .text          0x810010b0      0x1f4 binaries/getutime.o
                0x810010b0                getutime
 .text          0x810012a4      0x198 binaries/gpio.o
                0x810012e0                read_btn
                0x810013a4                write_LED
 .text          0x8100143c       0x50 binaries/init.o
                0x8100143c                init
 .text          0x8100148c      0x348 binaries/initialize.o
                0x81001530                nulluser
                0x81001774                stop
                0x81001798                delay
 .text          0x810017d4       0xd0 binaries/insert.o
                0x810017d4                insert
 .text          0x810018a4      0x134 binaries/insertd.o
                0x810018a4                insertd
 .text          0x810019d8        0x8 binaries/ioerr.o
                0x810019d8                ioerr
 .text          0x810019e0        0x8 binaries/ionull.o
                0x810019e0                ionull
 .text          0x810019e8      0x158 binaries/kill.o
                0x810019e8                kill
 .text          0x81001b40       0xd0 binaries/kprintf.o
                0x81001b40                kputc
                0x81001b90                kgetc
                0x81001bd0                kprintf
 .text          0x81001c10      0x354 binaries/main.o
                0x81001c10                operations
                0x81001e98                main
 .text          0x81001f64       0xd0 binaries/mark.o
                0x81001f64                markinit
                0x81001f90                mark
 .text          0x81002034       0x48 binaries/meminit.o
                0x81002034                meminit
 .text          0x8100207c      0x140 binaries/mkbufpool.o
                0x8100207c                mkbufpool
 .text          0x810021bc       0x7c binaries/newqueue.o
                0x810021bc                newqueue
 .text          0x81002238       0x60 binaries/open.o
                0x81002238                open
 .text          0x81002298       0x20 binaries/panic.o
                0x81002298                panic
 .text          0x810022b8       0xac binaries/platinit.o
                0x810022b8                counterinit
                0x810022d0                platinit
 .text          0x81002364       0xa8 binaries/ptclear.o
                0x81002364                _ptclear
 .text          0x8100240c       0x78 binaries/ptcount.o
                0x8100240c                ptcount
 .text          0x81002484       0xdc binaries/ptcreate.o
                0x81002484                ptcreate
 .text          0x81002560       0x74 binaries/ptdelete.o
                0x81002560                ptdelete
 .text          0x810025d4       0xbc binaries/ptinit.o
                0x810025d4                ptinit
 .text          0x81002690       0xd0 binaries/ptrecv.o
                0x81002690                ptrecv
 .text          0x81002760       0x68 binaries/ptreset.o
                0x81002760                ptreset
 .text          0x810027c8       0xf4 binaries/ptsend.o
                0x810027c8                ptsend
 .text          0x810028bc       0x58 binaries/putc.o
                0x810028bc                putc
 .text          0x81002914       0xf4 binaries/queue.o
                0x81002914                enqueue
                0x810029ac                dequeue
 .text          0x81002a08       0x60 binaries/read.o
                0x81002a08                read
 .text          0x81002a68       0x74 binaries/ready.o
                0x81002a68                ready
 .text          0x81002adc       0x60 binaries/receive.o
                0x81002adc                receive
 .text          0x81002b3c       0x48 binaries/recvclr.o
                0x81002b3c                recvclr
 .text          0x81002b84       0xb0 binaries/recvtime.o
                0x81002b84                recvtime
 .text          0x81002c34      0x1ac binaries/resched.o
                0x81002c34                resched
                0x81002d24                resched_cntl
 .text          0x81002de0       0x90 binaries/resume.o
                0x81002de0                resume
 .text          0x81002e70       0x58 binaries/seek.o
                0x81002e70                seek
 .text          0x81002ec8       0x58 binaries/semcount.o
                0x81002ec8                semcount
 .text          0x81002f20       0xb8 binaries/semcreate.o
                0x81002f20                semcreate
 .text          0x81002fd8       0xac binaries/semdelete.o
                0x81002fd8                semdelete
 .text          0x81003084       0xa4 binaries/semreset.o
                0x81003084                semreset
 .text          0x81003128       0xc0 binaries/send.o
                0x81003128                send
 .text          0x810031e8       0x80 binaries/signal.o
                0x810031e8                signal
 .text          0x81003268       0xb0 binaries/signaln.o
                0x81003268                signaln
 .text          0x81003318       0xcc binaries/sleep.o
                0x81003318                sleepms
                0x810033b4                sleep
 .text          0x810033e4       0xbc binaries/suspend.o
                0x810033e4                suspend
 .text          0x810034a0       0xb8 binaries/unsleep.o
                0x810034a0                unsleep
 .text          0x81003558       0x10 binaries/userret.o
                0x81003558                userret
 .text          0x81003568       0xac binaries/wait.o
                0x81003568                wait
 .text          0x81003614       0xa0 binaries/wakeup.o
                0x81003614                wakeup
 .text          0x810036b4       0x60 binaries/write.o
                0x810036b4                write
 .text          0x81003714       0x18 binaries/xdone.o
                0x81003714                xdone
 .text          0x8100372c       0x20 binaries/yield.o
                0x8100372c                yield
 .text          0x8100374c        0xc binaries/abs.o
                0x8100374c                abs
 .text          0x81003758      0x114 binaries/atoi.o
                0x81003758                atoi
 .text          0x8100386c      0x114 binaries/atol.o
                0x8100386c                atol
 .text          0x81003980       0x20 binaries/bzero.o
                0x81003980                bzero
 .text          0x810039a0        0x0 binaries/ctype_.o
 .text          0x810039a0      0xa34 binaries/doprnt.o
                0x81003bc0                _doprnt
 .text          0x810043d4      0x704 binaries/doscan.o
                0x810043d4                _doscan
 .text          0x81004ad8      0x898 binaries/fdoprnt.o
                0x81004b84                _fdoprnt
 .text          0x81005370       0x14 binaries/fgetc.o
                0x81005370                fgetc
 .text          0x81005384       0x84 binaries/fgets.o
                0x81005384                fgets
 .text          0x81005408       0x3c binaries/fprintf.o
                0x81005408                fprintf
 .text          0x81005444       0x24 binaries/fputc.o
                0x81005444                fputc
 .text          0x81005468       0x38 binaries/fputs.o
                0x81005468                fputs
 .text          0x810054a0       0x78 binaries/fscanf.o
                0x810054d4                fscanf
 .text          0x81005518       0x2c binaries/getchar.o
                0x81005518                getchar
 .text          0x81005544        0xc binaries/labs.o
                0x81005544                labs
 .text          0x81005550        0x0 binaries/memchr.o
 .text          0x81005550       0x60 binaries/memcmp.o
                0x81005550                memcmp
 .text          0x810055b0       0x24 binaries/memcpy.o
                0x810055b0                memcpy
 .text          0x810055d4       0x20 binaries/memset.o
                0x810055d4                memset
 .text          0x810055f4       0x58 binaries/printf.o
                0x810055f4                printf
 .text          0x8100564c       0x2c binaries/putchar.o
                0x8100564c                putchar
 .text          0x81005678      0x254 binaries/qsort.o
                0x810058ac                qsort
 .text          0x810058cc       0x7c binaries/rand.o
                0x810058cc                rand
                0x81005904                rand_r
                0x81005938                srand
 .text          0x81005948       0x68 binaries/sprintf.o
                0x81005960                sprintf
 .text          0x810059b0       0x78 binaries/sscanf.o
                0x810059e4                sscanf
 .text          0x81005a28       0x48 binaries/strchr.o
                0x81005a28                strchr
 .text          0x81005a70       0x54 binaries/strcmp.o
                0x81005a70                strcmp
 .text          0x81005ac4       0x18 binaries/strcpy.o
                0x81005ac4                strcpy
 .text          0x81005adc       0x30 binaries/strlen.o
                0x81005adc                strlen
 .text          0x81005b0c       0x50 binaries/strncat.o
                0x81005b0c                strncat
 .text          0x81005b5c       0x54 binaries/strncmp.o
                0x81005b5c                strncmp
 .text          0x81005bb0       0x80 binaries/strncpy.o
                0x81005bb0                strncpy
 .text          0x81005c30       0x48 binaries/strnlen.o
                0x81005c30                strnlen
 .text          0x81005c78       0x58 binaries/strrchr.o
                0x81005c78                strrchr
 .text          0x81005cd0       0xb0 binaries/strstr.o
                0x81005cd0                strstr
 .text          0x81005d80       0xc8 binaries/ttycontrol.o
                0x81005d80                ttycontrol
 .text          0x81005e48       0x6c binaries/ttygetc.o
                0x81005e48                ttygetc
 .text          0x81005eb4      0x4d8 binaries/ttyhandle_in.o
                0x81005f80                ttyhandle_in
 .text          0x8100638c      0x14c binaries/ttyhandle_out.o
                0x8100638c                ttyhandle_out
 .text          0x810064d8       0xc8 binaries/ttyhandler.o
                0x810064d8                ttyhandler
 .text          0x810065a0      0x120 binaries/ttyinit.o
                0x810065a0                ttyinit
 .text          0x810066c0        0xc binaries/ttykickout.o
                0x810066c0                ttykickout
 .text          0x810066cc       0x78 binaries/ttyputc.o
                0x810066cc                ttyputc
 .text          0x81006744      0x110 binaries/ttyread.o
                0x81006744                ttyread
 .text          0x81006854       0x4c binaries/ttywrite.o
                0x81006854                ttywrite
 .text          0x810068a0       0x50 binaries/adchandler.o
                0x810068a0                adchandler
 .text          0x810068f0      0x720 binaries/adcinit.o
                0x810068f0                TestRegAddress
                0x81006be4                ADCConfigureAFEClock
                0x81006c1c                ADCTSTransistorConfig
                0x81006c2c                ADCStepConfigWriteProtect
                0x81006c48                ADCWorkModeConfigue
                0x81006c64                ADCStepEnable
                0x81006c78                ADCStepDisable
                0x81006c8c                ADCClearInterruptStatus
                0x81006ca0                ADCEnableModual
                0x81006cb0                ADCDisableModual
                0x81006cc0                ADCStepAverge
                0x81006d2c                ADCStepOperationModeControl
                0x81006d48                ADCStepConfig
                0x81006db8                ADCStepAnalogSupplyConfig
                0x81006e0c                ADCStepAnalogGroundConfig
                0x81006e7c                StepConfig
                0x81006f24                ADCConfigure
                0x81006f84                ADCStepFIFOSelConfig
                0x81006fa4                ADCStepModeConfig
                0x81006fc4                ADCSetInterruptBit
                0x81006fd4                adcinit
 .text          0x81007010       0x74 binaries/adcread.o
                0x81007010                adcread
 .text          0x81007084      0x31c binaries/adcsysctrl.o
                0x81007084                InitialL4Clock
                0x810071f0                InitializeADCClock
                0x810071fc                InitialL3Clock
                0x81007340                InitialADCInterrupt
 .text          0x810073a0      0x134 binaries/mount.o
                0x810073a0                namlen
                0x810073f4                mount
 .text          0x810074d4      0x1c8 binaries/naminit.o
                0x810074d4                naminit
 .text          0x8100769c      0x240 binaries/nammap.o
                0x8100769c                namrepl
                0x810077d4                namcpy
                0x81007830                nammap
 .text          0x810078dc       0x40 binaries/namopen.o
                0x810078dc                namopen
 .text          0x8100791c       0x40 binaries/ethcontrol.o
                0x8100791c                ethcontrol
 .text          0x8100795c      0x178 binaries/ethhandler.o
                0x8100795c                ethhandler
 .text          0x81007ad4      0x734 binaries/ethinit.o
                0x81007ad4                eth_phy_read
                0x81007b44                eth_phy_write
                0x81007b9c                eth_phy_reset
                0x81007d0c                ethinit
 .text          0x81008208       0xd8 binaries/ethread.o
                0x81008208                ethread
 .text          0x810082e0       0xf0 binaries/ethwrite.o
                0x810082e0                ethwrite
 .text          0x810083d0       0x90 binaries/rdsbufalloc.o
                0x810083d0                rdsbufalloc
 .text          0x81008460       0xa0 binaries/rdsclose.o
                0x81008460                rdsclose
 .text          0x81008500      0x20c binaries/rdscomm.o
                0x81008500                rdscomm
 .text          0x8100870c      0x1a0 binaries/rdscontrol.o
                0x8100870c                rdscontrol
 .text          0x810088ac      0x180 binaries/rdsinit.o
                0x810088ac                rdsinit
 .text          0x81008a2c      0x134 binaries/rdsopen.o
                0x81008a2c                rdsopen
 .text          0x81008b60      0x304 binaries/rdsprocess.o
                0x81008b60                rdsprocess
 .text          0x81008e64      0x210 binaries/rdsread.o
                0x81008e64                rdsread
 .text          0x81009074      0x184 binaries/rdswrite.o
                0x81009074                rdswrite
 .text          0x810091f8        0x8 binaries/ramclose.o
                0x810091f8                ramclose
 .text          0x81009200       0x3c binaries/raminit.o
                0x81009200                raminit
 .text          0x8100923c        0x8 binaries/ramopen.o
                0x8100923c                ramopen
 .text          0x81009244       0x24 binaries/ramread.o
                0x81009244                ramread
 .text          0x81009268       0x20 binaries/ramwrite.o
                0x81009268                ramwrite
 .text          0x81009288       0x94 binaries/lfdballoc.o
                0x81009288                lfdballoc
 .text          0x8100931c       0x4c binaries/lfdbfree.o
                0x8100931c                lfdbfree
 .text          0x81009368       0xb8 binaries/lfflush.o
                0x81009368                lfflush
 .text          0x81009420       0xc8 binaries/lfgetmode.o
                0x81009420                lfgetmode
 .text          0x810094e8       0x6c binaries/lfiballoc.o
                0x810094e8                lfiballoc
 .text          0x81009554       0x30 binaries/lfibclear.o
                0x81009554                lfibclear
 .text          0x81009584       0x64 binaries/lfibget.o
                0x81009584                lfibget
 .text          0x810095e8       0x8c binaries/lfibput.o
                0x810095e8                lfibput
 .text          0x81009674       0x84 binaries/lflclose.o
                0x81009674                lflclose
 .text          0x810096f8       0xa0 binaries/lflcontrol.o
                0x810096f8                lflcontrol
 .text          0x81009798       0xa8 binaries/lflgetc.o
                0x81009798                lflgetc
 .text          0x81009840       0xa8 binaries/lflinit.o
                0x81009840                lflinit
 .text          0x810098e8       0xdc binaries/lflputc.o
                0x810098e8                lflputc
 .text          0x810099c4       0x78 binaries/lflread.o
                0x810099c4                lflread
 .text          0x81009a3c       0x80 binaries/lflseek.o
                0x81009a3c                lflseek
 .text          0x81009abc       0x5c binaries/lflwrite.o
                0x81009abc                lflwrite
 .text          0x81009b18       0xa0 binaries/lfscheck.o
                0x81009b18                lfscheck
 .text          0x81009bb8      0x144 binaries/lfsckfmt.o
                0x81009bb8                lfsckfmt
 .text          0x81009cfc      0x15c binaries/lfscreate.o
                0x81009cfc                lfscreate
 .text          0x81009e58      0x1f0 binaries/lfsetup.o
                0x81009e58                lfsetup
 .text          0x8100a048       0x44 binaries/lfsinit.o
                0x8100a048                lfsinit
 .text          0x8100a08c      0x358 binaries/lfsopen.o
                0x8100a08c                lfsopen
 .text          0x8100a3e4      0x108 binaries/lftruncate.o
                0x8100a3e4                lftruncate
 .text          0x8100a4ec       0x70 binaries/rflclose.o
                0x8100a4ec                rflclose
 .text          0x8100a55c       0x28 binaries/rflgetc.o
                0x8100a55c                rflgetc
 .text          0x8100a584       0x54 binaries/rflinit.o
                0x8100a584                rflinit
 .text          0x8100a5d8       0x30 binaries/rflputc.o
                0x8100a5d8                rflputc
 .text          0x8100a608      0x28c binaries/rflread.o
                0x8100a608                rflread
 .text          0x8100a894       0x74 binaries/rflseek.o
                0x8100a894                rflseek
 .text          0x8100a908      0x2c8 binaries/rflwrite.o
                0x8100a908                rflwrite
 .text          0x8100abd0      0x198 binaries/rfscomm.o
                0x8100abd0                rfscomm
 .text          0x8100ad68      0x224 binaries/rfscontrol.o
                0x8100ad68                rfscontrol
 .text          0x8100af8c       0xc8 binaries/rfsgetmode.o
                0x8100af8c                rfsgetmode
 .text          0x8100b054       0x84 binaries/rfsinit.o
                0x8100b054                rfsinit
 .text          0x8100b0d8       0xa4 binaries/rfsndmsg.o
                0x8100b0d8                rfsndmsg
 .text          0x8100b17c      0x22c binaries/rfsopen.o
                0x8100b17c                rfsopen
 .text          0x8100b3a8       0x8c binaries/spicontrol.o
                0x8100b3a8                spicontrol
 .text          0x8100b434       0xa8 binaries/spiinit.o
                0x8100b434                spiinit
 .text          0x8100b4dc      0x714 binaries/arp.o
                0x8100b4dc                arp_init
                0x8100b4fc                arp_alloc
                0x8100b5d0                arp_ntoh
                0x8100b674                arp_hton
                0x8100b718                arp_resolve
                0x8100b97c                arp_in
 .text          0x8100bbf0      0x6b0 binaries/dhcp.o
                0x8100bbf0                dhcp_get_opt_val
                0x8100bc50                dhcp_bld_bootp_msg
                0x8100bd48                dhcp_bld_disc
                0x8100bd9c                dhcp_bld_req
                0x8100be60                getlocalip
 .text          0x8100c2a0      0x56c binaries/dns.o
                0x8100c388                dnslookup
 .text          0x8100c80c      0x120 binaries/dot2ip.o
                0x8100c80c                dot2ip
 .text          0x8100c92c      0x33c binaries/hexdump.o
                0x8100c92c                hexdump
                0x8100ca8c                hexadump
 .text          0x8100cc68      0x660 binaries/icmp.o
                0x8100cc68                icmp_init
                0x8100cc8c                icmp_register
                0x8100cd48                icmp_recv
                0x8100ce98                icmp_mkpkt
                0x8100cf88                icmp_in
                0x8100d0d4                icmp_send
                0x8100d144                icmp_release
                0x8100d200                icmp_cksum
                0x8100d260                icmp_hton
                0x8100d294                icmp_ntoh
 .text          0x8100d2c8      0x674 binaries/ip.o
                0x8100d2c8                ip_local
                0x8100d2f8                ipcksum
                0x8100d33c                ip_ntoh
                0x8100d3e0                ip_in
                0x8100d51c                ip_hton
                0x8100d5c0                ip_out
                0x8100d674                ip_send
                0x8100d7a4                ipout
                0x8100d8a0                ip_enqueue
 .text          0x8100d93c      0x228 binaries/net.o
                0x8100d93c                net_init
                0x8100da44                eth_hton
                0x8100da58                eth_ntoh
                0x8100da6c                netin
                0x8100db14                getport
 .text          0x8100db64      0x9dc binaries/pdump.o
                0x8100db64                pdump
                0x8100e0f0                pdumph
 .text          0x8100e540      0x56c binaries/tftp.o
                0x8100e540                tftp_send1
                0x8100e62c                tftpget_mb
                0x8100ea78                tftpget
 .text          0x8100eaac      0x890 binaries/udp.o
                0x8100eaac                udp_init
                0x8100ead4                udp_in
                0x8100ebc0                udp_register
                0x8100ecbc                udp_recv
                0x8100edf0                udp_recvaddr
                0x8100ef40                udp_send
                0x8100f0b8                udp_sendto
                0x8100f218                udp_release
                0x8100f2d4                udp_ntoh
                0x8100f308                udp_hton
 .text          0x8100f33c      0x120 binaries/addargs.o
                0x8100f33c                addargs
 .text          0x8100f45c      0x2b4 binaries/lexan.o
                0x8100f45c                lexan
 .text          0x8100f710      0x6ac binaries/shell.o
                0x8100f710                shell
 .text          0x8100fdbc       0x64 binaries/xsh_argecho.o
                0x8100fdbc                xsh_argecho
 .text          0x8100fe20      0x1f8 binaries/xsh_arp.o
                0x8100fe20                xsh_arp
 .text          0x81010018      0x23c binaries/xsh_cat.o
                0x81010018                xsh_cat
 .text          0x81010254       0x5c binaries/xsh_clear.o
                0x81010254                xsh_clear
 .text          0x810102b0      0x29c binaries/xsh_date.o
                0x810102b0                xsh_date
 .text          0x8101054c       0x98 binaries/xsh_devdump.o
                0x8101054c                xsh_devdump
 .text          0x810105e4       0x68 binaries/xsh_echo.o
                0x810105e4                xsh_echo
 .text          0x8101064c        0x8 binaries/xsh_exit.o
                0x8101064c                xsh_exit
 .text          0x81010654      0x3d0 binaries/xsh_help.o
                0x81010654                xsh_help
 .text          0x81010a24      0x1f8 binaries/xsh_kill.o
                0x81010a24                xsh_kill
 .text          0x81010c1c      0x490 binaries/xsh_memdump.o
                0x81010d18                xsh_memdump
 .text          0x810110ac      0x224 binaries/xsh_memstat.o
                0x810110ac                xsh_memstat
 .text          0x810112d0      0x3fc binaries/xsh_netinfo.o
                0x810112d0                xsh_netinfo
 .text          0x810116cc      0x3b0 binaries/xsh_ping.o
                0x810116cc                xsh_ping
 .text          0x81011a7c      0x220 binaries/xsh_ps.o
                0x81011a7c                xsh_ps
 .text          0x81011c9c      0x1cc binaries/xsh_sleep.o
                0x81011c9c                xsh_sleep
 .text          0x81011e68      0x244 binaries/xsh_udpdump.o
                0x81011e68                xsh_udpdump
 .text          0x810120ac      0x400 binaries/xsh_udpecho.o
                0x810120ac                xsh_udpecho
 .text          0x810124ac      0x254 binaries/xsh_udpserver.o
                0x810124ac                xsh_udpeserver
 .text          0x81012700      0x1ac binaries/xsh_uptime.o
                0x81012700                xsh_uptime
 .text          0x810128ac       0x2c binaries/ctxsw.o
                0x810128ac                ctxsw
 .text          0x810128d8      0x100 binaries/intr.o
                0x810128d8                disable
                0x810128e4                restore
                0x81012908                enable
                0x81012910                pause
                0x81012910                halt
                0x81012918                irq_except
                0x81012948                initevec
                0x810129a8                expjmpinstr
 .text          0x810129d8      0x114 ../cross_compiler/lib/gcc/arm-none-eabi/4.8.1//libgcc.a(_udivsi3.o)
                0x810129d8                __udivsi3
                0x810129d8                __aeabi_uidiv
                0x81012acc                __aeabi_uidivmod
 .text          0x81012aec      0x148 ../cross_compiler/lib/gcc/arm-none-eabi/4.8.1//libgcc.a(_divsi3.o)
                0x81012aec                __aeabi_idiv
                0x81012aec                __divsi3
                0x81012c14                __aeabi_idivmod
 .text          0x81012c34        0x4 ../cross_compiler/lib/gcc/arm-none-eabi/4.8.1//libgcc.a(_dvmd_tls.o)
                0x81012c34                __aeabi_ldiv0
                0x81012c34                __aeabi_idiv0
 .text          0x81012c38      0x41c ../cross_compiler/lib/gcc/arm-none-eabi/4.8.1//libgcc.a(_arm_addsubdf3.o)
                0x81012c38                __aeabi_drsub
                0x81012c40                __aeabi_dsub
                0x81012c40                __subdf3
                0x81012c44                __adddf3
                0x81012c44                __aeabi_dadd
                0x81012f54                __aeabi_ui2d
                0x81012f54                __floatunsidf
                0x81012f78                __floatsidf
                0x81012f78                __aeabi_i2d
                0x81012fa0                __extendsfdf2
                0x81012fa0                __aeabi_f2d
                0x81012fe0                __aeabi_ul2d
                0x81012fe0                __floatundidf
                0x81012ff4                __floatdidf
                0x81012ff4                __aeabi_l2d
 .text          0x81013054      0x49c ../cross_compiler/lib/gcc/arm-none-eabi/4.8.1//libgcc.a(_arm_muldivdf3.o)
                0x81013054                __aeabi_dmul
                0x81013054                __muldf3
                0x810132e4                __aeabi_ddiv
                0x810132e4                __divdf3
 .text          0x810134f0      0x144 ../cross_compiler/lib/gcc/arm-none-eabi/4.8.1//libgcc.a(_arm_cmpdf2.o)
                0x810134f0                __gtdf2
                0x810134f0                __gedf2
                0x810134f8                __ltdf2
                0x810134f8                __ledf2
                0x81013500                __cmpdf2
                0x81013500                __eqdf2
                0x81013500                __nedf2
                0x81013588                __aeabi_cdrcmple
                0x810135a4                __aeabi_cdcmple
                0x810135a4                __aeabi_cdcmpeq
                0x810135bc                __aeabi_dcmpeq
                0x810135d4                __aeabi_dcmplt
                0x810135ec                __aeabi_dcmple
                0x81013604                __aeabi_dcmpge
                0x8101361c                __aeabi_dcmpgt
 .text          0x81013634       0x5c ../cross_compiler/lib/gcc/arm-none-eabi/4.8.1//libgcc.a(_arm_fixdfsi.o)
                0x81013634                __fixdfsi
                0x81013634                __aeabi_d2iz
 .text          0x81013690       0xa0 ../cross_compiler/lib/gcc/arm-none-eabi/4.8.1//libgcc.a(_arm_truncdfsf2.o)
                0x81013690                __aeabi_d2f
                0x81013690                __truncdfsf2
 .text          0x81013730      0x2ac ../cross_compiler/lib/gcc/arm-none-eabi/4.8.1//libgcc.a(_arm_addsubsf3.o)
                0x81013730                __aeabi_frsub
                0x81013738                __subsf3
                0x81013738                __aeabi_fsub
                0x8101373c                __aeabi_fadd
                0x8101373c                __addsf3
                0x810138f8                __aeabi_ui2f
                0x810138f8                __floatunsisf
                0x81013900                __aeabi_i2f
                0x81013900                __floatsisf
                0x81013920                __floatundisf
                0x81013920                __aeabi_ul2f
                0x81013930                __floatdisf
                0x81013930                __aeabi_l2f
 .text          0x810139dc      0x2f8 ../cross_compiler/lib/gcc/arm-none-eabi/4.8.1//libgcc.a(_arm_muldivsf3.o)
                0x810139dc                __mulsf3
                0x810139dc                __aeabi_fmul
                0x81013b74                __divsf3
                0x81013b74                __aeabi_fdiv
 .text          0x81013cd4       0x5c ../cross_compiler/lib/gcc/arm-none-eabi/4.8.1//libgcc.a(_arm_fixsfsi.o)
                0x81013cd4                __fixsfsi
                0x81013cd4                __aeabi_f2iz
 .text          0x81013d30       0x54 ../cross_compiler/lib/gcc/arm-none-eabi/4.8.1//libgcc.a(_arm_fixunssfsi.o)
                0x81013d30                __aeabi_f2uiz
                0x81013d30                __fixunssfsi
 *(.rodata .rodata.*)
 .rodata.str1.4
                0x81013d84       0x78 binaries/ascdate.o
 .rodata.str1.4
                0x81013dfc       0xdd binaries/conf.o
                                 0xe0 (size before relaxing)
 *fill*         0x81013ed9        0x3 
 .rodata.str1.4
                0x81013edc       0xb7 binaries/deviceoperations.o
                                 0xb8 (size before relaxing)
 *fill*         0x81013f93        0x1 
 .rodata.str1.4
                0x81013f94       0x61 binaries/getutime.o
                                 0x64 (size before relaxing)
 *fill*         0x81013ff5        0x3 
 .rodata.str1.4
                0x81013ff8      0x122 binaries/gpio.o
                                0x124 (size before relaxing)
 *fill*         0x8101411a        0x2 
 .rodata.str1.4
                0x8101411c      0x18c binaries/initialize.o
                                0x190 (size before relaxing)
 .rodata        0x810142a8       0x3c binaries/main.o
 .rodata.str1.4
                0x810142e4      0x15d binaries/main.o
                                0x164 (size before relaxing)
 *fill*         0x81014441        0x3 
 .rodata.str1.4
                0x81014444        0xf binaries/panic.o
                                 0x10 (size before relaxing)
 *fill*         0x81014453        0x1 
 .rodata.str1.4
                0x81014454       0x1d binaries/ptinit.o
                                 0x20 (size before relaxing)
 *fill*         0x81014471        0x3 
 .rodata.str1.4
                0x81014474       0x25 binaries/ptsend.o
                                 0x28 (size before relaxing)
 *fill*         0x81014499        0x3 
 .rodata.str1.4
                0x8101449c       0x27 binaries/xdone.o
                                 0x28 (size before relaxing)
 *fill*         0x810144c3        0x1 
 .rodata        0x810144c4       0x84 binaries/ctype_.o
                0x810144c4                _ctype_
 .rodata.str1.4
                0x81014548       0x2f binaries/doprnt.o
                                 0x30 (size before relaxing)
 .rodata.str1.4
                0x00000000       0x30 binaries/fdoprnt.o
 *fill*         0x81014577        0x1 
 .rodata.str1.4
                0x81014578      0x2d3 binaries/adcinit.o
                                0x2d4 (size before relaxing)
 *fill*         0x8101484b        0x1 
 .rodata.str1.4
                0x8101484c       0x86 binaries/naminit.o
                                 0x90 (size before relaxing)
 *fill*         0x810148d2        0x2 
 .rodata.str1.4
                0x810148d4       0xe5 binaries/ethinit.o
                                 0xe8 (size before relaxing)
 *fill*         0x810149b9        0x3 
 .rodata.str1.4
                0x810149bc       0x12 binaries/ethread.o
                                 0x14 (size before relaxing)
 *fill*         0x810149ce        0x2 
 .rodata.str1.4
                0x810149d0       0x2c binaries/rdsbufalloc.o
 .rodata.str1.4
                0x810149fc       0x76 binaries/rdscomm.o
                                 0x78 (size before relaxing)
 *fill*         0x81014a72        0x2 
 .rodata.str1.4
                0x81014a74       0x48 binaries/rdscontrol.o
 .rodata.str1.4
                0x81014abc       0x96 binaries/rdsinit.o
                                 0x98 (size before relaxing)
 *fill*         0x81014b52        0x2 
 .rodata.str1.4
                0x81014b54       0x22 binaries/rdsopen.o
                                 0x24 (size before relaxing)
 *fill*         0x81014b76        0x2 
 .rodata.str1.4
                0x81014b78       0x4d binaries/rdsprocess.o
                                 0x50 (size before relaxing)
 *fill*         0x81014bc5        0x3 
 .rodata.str1.4
                0x81014bc8        0x9 binaries/raminit.o
                                  0xc (size before relaxing)
 *fill*         0x81014bd1        0x3 
 .rodata.str1.4
                0x81014bd4       0x37 binaries/lfdballoc.o
                                 0x38 (size before relaxing)
 *fill*         0x81014c0b        0x1 
 .rodata.str1.4
                0x81014c0c       0x14 binaries/lfiballoc.o
 .rodata.str1.4
                0x81014c20       0x23 binaries/lflcontrol.o
                                 0x24 (size before relaxing)
 *fill*         0x81014c43        0x1 
 .rodata.str1.4
                0x81014c44      0x11f binaries/lfsckfmt.o
                                0x120 (size before relaxing)
 *fill*         0x81014d63        0x1 
 .rodata.str1.4
                0x81014d64       0x2a binaries/lfsopen.o
                                 0x2c (size before relaxing)
 *fill*         0x81014d8e        0x2 
 .rodata.str1.4
                0x81014d90       0x21 binaries/rflread.o
                                 0x24 (size before relaxing)
 .rodata.str1.4
                0x00000000       0x24 binaries/rflwrite.o
 *fill*         0x81014db1        0x3 
 .rodata.str1.4
                0x81014db4       0x75 binaries/rfscomm.o
                                 0x78 (size before relaxing)
 *fill*         0x81014e29        0x3 
 .rodata.str1.4
                0x81014e2c       0x23 binaries/rfscontrol.o
                                 0x24 (size before relaxing)
 *fill*         0x81014e4f        0x1 
 .rodata.str1.4
                0x81014e50       0x63 binaries/rfsinit.o
                                 0x64 (size before relaxing)
 *fill*         0x81014eb3        0x1 
 .rodata.str1.4
                0x81014eb4       0x2a binaries/rfsndmsg.o
                                 0x2c (size before relaxing)
 .rodata.str1.4
                0x00000000       0x24 binaries/rfsopen.o
 *fill*         0x81014ede        0x2 
 .rodata.str1.4
                0x81014ee0       0x3d binaries/arp.o
                                 0x40 (size before relaxing)
 *fill*         0x81014f1d        0x3 
 .rodata.str1.4
                0x81014f20       0xd3 binaries/dhcp.o
                                 0xd4 (size before relaxing)
 *fill*         0x81014ff3        0x1 
 .rodata.str1.4
                0x81014ff4       0x1a binaries/dns.o
                                 0x1c (size before relaxing)
 *fill*         0x8101500e        0x2 
 .rodata.str1.4
                0x81015010       0xca binaries/hexdump.o
                                 0xd8 (size before relaxing)
 *fill*         0x810150da        0x2 
 .rodata.str1.4
                0x810150dc       0x29 binaries/icmp.o
                                 0x2c (size before relaxing)
 *fill*         0x81015105        0x3 
 .rodata.str1.4
                0x81015108       0x6e binaries/ip.o
                                 0x70 (size before relaxing)
 *fill*         0x81015176        0x2 
 .rodata.str1.4
                0x81015178       0x53 binaries/net.o
                                 0x54 (size before relaxing)
 *fill*         0x810151cb        0x1 
 .rodata.str1.4
                0x810151cc      0x292 binaries/pdump.o
                                0x298 (size before relaxing)
 *fill*         0x8101545e        0x2 
 .rodata.str1.4
                0x81015460      0x154 binaries/tftp.o
                                0x158 (size before relaxing)
 .rodata        0x810155b4       0xfc binaries/shell.o
                0x810155b4                cmdtab
 .rodata.str1.4
                0x810156b0      0x2e6 binaries/shell.o
                                0x2f0 (size before relaxing)
 *fill*         0x81015996        0x2 
 .rodata.str1.4
                0x81015998       0x29 binaries/xsh_argecho.o
                                 0x30 (size before relaxing)
 *fill*         0x810159c1        0x3 
 .rodata.str1.4
                0x810159c4      0x13e binaries/xsh_arp.o
                                0x144 (size before relaxing)
 *fill*         0x81015b02        0x2 
 .rodata.str1.4
                0x81015b04       0x81 binaries/xsh_cat.o
                                 0xd4 (size before relaxing)
 *fill*         0x81015b85        0x3 
 .rodata.str1.4
                0x81015b88       0x19 binaries/xsh_clear.o
                                 0x1c (size before relaxing)
 *fill*         0x81015ba1        0x3 
 .rodata.str1.4
                0x81015ba4      0x1af binaries/xsh_date.o
                                0x1cc (size before relaxing)
 *fill*         0x81015d53        0x1 
 .rodata.str1.4
                0x81015d54       0x61 binaries/xsh_devdump.o
                                 0x64 (size before relaxing)
 *fill*         0x81015db5        0x3 
 .rodata.str1.4
                0x81015db8        0x8 binaries/xsh_echo.o
                                  0xc (size before relaxing)
 .rodata.str1.4
                0x81015dc0       0xe7 binaries/xsh_help.o
                                0x17c (size before relaxing)
 *fill*         0x81015ea7        0x1 
 .rodata.str1.4
                0x81015ea8       0xc8 binaries/xsh_kill.o
                                0x138 (size before relaxing)
 .rodata.str1.4
                0x81015f70      0x226 binaries/xsh_memdump.o
                                0x27c (size before relaxing)
 *fill*         0x81016196        0x2 
 .rodata.str1.4
                0x81016198      0x1cc binaries/xsh_memstat.o
                                0x234 (size before relaxing)
 .rodata.str1.4
                0x81016364      0x10f binaries/xsh_netinfo.o
                                0x1cc (size before relaxing)
 *fill*         0x81016473        0x1 
 .rodata.str1.4
                0x81016474      0x13f binaries/xsh_ping.o
                                0x1b4 (size before relaxing)
 *fill*         0x810165b3        0x1 
 .rodata        0x810165b4       0x20 binaries/xsh_ps.o
 .rodata.str1.4
                0x810165d4      0x11a binaries/xsh_ps.o
                                0x1d4 (size before relaxing)
 *fill*         0x810166ee        0x2 
 .rodata.str1.4
                0x810166f0       0x5e binaries/xsh_sleep.o
                                 0xf8 (size before relaxing)
 *fill*         0x8101674e        0x2 
 .rodata        0x81016750        0xc binaries/xsh_udpdump.o
 .rodata.str1.4
                0x8101675c      0x122 binaries/xsh_udpdump.o
                                0x1e0 (size before relaxing)
 *fill*         0x8101687e        0x2 
 .rodata.str1.4
                0x81016880      0x1ae binaries/xsh_udpecho.o
                                0x224 (size before relaxing)
 *fill*         0x81016a2e        0x2 
 .rodata.str1.4
                0x81016a30       0x97 binaries/xsh_udpserver.o
                                0x13c (size before relaxing)
 *fill*         0x81016ac7        0x1 
 .rodata.str1.4
                0x81016ac8       0x78 binaries/xsh_uptime.o
                                0x114 (size before relaxing)
                0x81016b40                etext = ABSOLUTE (.)
                0x81017000                . = ALIGN (0x1000)
 *fill*         0x81016b40      0x4c0 

.glue_7         0x81017000        0x0
 .glue_7        0x00000000        0x0 linker stubs

.glue_7t        0x81017000        0x0
 .glue_7t       0x00000000        0x0 linker stubs

.vfp11_veneer   0x81017000        0x0
 .vfp11_veneer  0x00000000        0x0 linker stubs

.v4_bx          0x81017000        0x0
 .v4_bx         0x00000000        0x0 linker stubs

.iplt           0x81017000        0x0
 .iplt          0x00000000        0x0 binaries/start.o

.rel.dyn        0x81017000        0x0
 .rel.iplt      0x00000000        0x0 binaries/start.o

.data           0x81017000     0x1000
                0x81017000                data = ABSOLUTE (.)
 *(.data .data.*)
 .data          0x81017000        0x0 binaries/start.o
 .data          0x81017000       0x88 binaries/ascdate.o
                0x81017000                Date
 .data          0x81017088        0x0 binaries/bufinit.o
 .data          0x81017088        0x0 binaries/chprio.o
 .data          0x81017088        0x4 binaries/clkhandler.o
 .data          0x8101708c        0x0 binaries/clkinit.o
 .data          0x8101708c        0x0 binaries/close.o
 .data          0x8101708c      0x654 binaries/conf.o
                0x8101708c                devtab
 .data          0x810176e0        0x0 binaries/control.o
 .data          0x810176e0        0x4 binaries/create.o
 .data          0x810176e4        0x0 binaries/deviceoperations.o
 .data          0x810176e4       0x40 binaries/evec.o
                0x810176e4                expmsg2
                0x810176f8                expmsg1
 .data          0x81017724        0x0 binaries/exit.o
 .data          0x81017724        0x0 binaries/freebuf.o
 .data          0x81017724        0x0 binaries/freemem.o
 .data          0x81017724        0x0 binaries/getbuf.o
 .data          0x81017724        0x0 binaries/getc.o
 .data          0x81017724        0x0 binaries/getdev.o
 .data          0x81017724        0x0 binaries/getitem.o
 .data          0x81017724        0x0 binaries/getmem.o
 .data          0x81017724        0x0 binaries/getpid.o
 .data          0x81017724        0x0 binaries/getprio.o
 .data          0x81017724        0x0 binaries/getstk.o
 .data          0x81017724        0x0 binaries/getticks.o
 .data          0x81017724        0x0 binaries/gettime.o
 .data          0x81017724        0x0 binaries/getutime.o
 .data          0x81017724        0x0 binaries/gpio.o
 .data          0x81017724        0x0 binaries/init.o
 .data          0x81017724        0x0 binaries/initialize.o
 .data          0x81017724        0x0 binaries/insert.o
 .data          0x81017724        0x0 binaries/insertd.o
 .data          0x81017724        0x0 binaries/ioerr.o
 .data          0x81017724        0x0 binaries/ionull.o
 .data          0x81017724        0x0 binaries/kill.o
 .data          0x81017724        0x0 binaries/kprintf.o
 .data          0x81017724        0xc binaries/main.o
                0x81017724                pin_adc
                0x81017728                pin_button
                0x8101772c                pin_led
 .data          0x81017730        0x0 binaries/mark.o
 .data          0x81017730        0x0 binaries/meminit.o
 .data          0x81017730        0x0 binaries/mkbufpool.o
 .data          0x81017730        0x2 binaries/newqueue.o
 .data          0x81017732        0x0 binaries/open.o
 .data          0x81017732        0x0 binaries/panic.o
 .data          0x81017732        0x0 binaries/platinit.o
 .data          0x81017732        0x0 binaries/ptclear.o
 .data          0x81017732        0x0 binaries/ptcount.o
 .data          0x81017732        0x0 binaries/ptcreate.o
 .data          0x81017732        0x0 binaries/ptdelete.o
 .data          0x81017732        0x0 binaries/ptinit.o
 .data          0x81017732        0x0 binaries/ptrecv.o
 .data          0x81017732        0x0 binaries/ptreset.o
 .data          0x81017732        0x0 binaries/ptsend.o
 .data          0x81017732        0x0 binaries/putc.o
 .data          0x81017732        0x0 binaries/queue.o
 .data          0x81017732        0x0 binaries/read.o
 .data          0x81017732        0x0 binaries/ready.o
 .data          0x81017732        0x0 binaries/receive.o
 .data          0x81017732        0x0 binaries/recvclr.o
 .data          0x81017732        0x0 binaries/recvtime.o
 .data          0x81017732        0x0 binaries/resched.o
 .data          0x81017732        0x0 binaries/resume.o
 .data          0x81017732        0x0 binaries/seek.o
 .data          0x81017732        0x0 binaries/semcount.o
 .data          0x81017732        0x0 binaries/semcreate.o
 .data          0x81017732        0x0 binaries/semdelete.o
 .data          0x81017732        0x0 binaries/semreset.o
 .data          0x81017732        0x0 binaries/send.o
 .data          0x81017732        0x0 binaries/signal.o
 .data          0x81017732        0x0 binaries/signaln.o
 .data          0x81017732        0x0 binaries/sleep.o
 .data          0x81017732        0x0 binaries/suspend.o
 .data          0x81017732        0x0 binaries/unsleep.o
 .data          0x81017732        0x0 binaries/userret.o
 .data          0x81017732        0x0 binaries/wait.o
 .data          0x81017732        0x0 binaries/wakeup.o
 .data          0x81017732        0x0 binaries/write.o
 .data          0x81017732        0x0 binaries/xdone.o
 .data          0x81017732        0x0 binaries/yield.o
 .data          0x81017732        0x0 binaries/abs.o
 .data          0x81017732        0x0 binaries/atoi.o
 .data          0x81017732        0x0 binaries/atol.o
 .data          0x81017732        0x0 binaries/bzero.o
 .data          0x81017732        0x0 binaries/ctype_.o
 .data          0x81017732        0x0 binaries/doprnt.o
 *fill*         0x81017732        0x2 
 .data          0x81017734       0x80 binaries/doscan.o
                0x81017734                _sctab
 .data          0x810177b4        0x0 binaries/fdoprnt.o
 .data          0x810177b4        0x0 binaries/fgetc.o
 .data          0x810177b4        0x0 binaries/fgets.o
 .data          0x810177b4        0x0 binaries/fprintf.o
 .data          0x810177b4        0x0 binaries/fputc.o
 .data          0x810177b4        0x0 binaries/fputs.o
 .data          0x810177b4        0x0 binaries/fscanf.o
 .data          0x810177b4        0x0 binaries/getchar.o
 .data          0x810177b4        0x0 binaries/labs.o
 .data          0x810177b4        0x0 binaries/memchr.o
 .data          0x810177b4        0x0 binaries/memcmp.o
 .data          0x810177b4        0x0 binaries/memcpy.o
 .data          0x810177b4        0x0 binaries/memset.o
 .data          0x810177b4        0x0 binaries/printf.o
 .data          0x810177b4        0x0 binaries/putchar.o
 .data          0x810177b4        0x0 binaries/qsort.o
 .data          0x810177b4        0x4 binaries/rand.o
 .data          0x810177b8        0x0 binaries/sprintf.o
 .data          0x810177b8        0x0 binaries/sscanf.o
 .data          0x810177b8        0x0 binaries/strchr.o
 .data          0x810177b8        0x0 binaries/strcmp.o
 .data          0x810177b8        0x0 binaries/strcpy.o
 .data          0x810177b8        0x0 binaries/strlen.o
 .data          0x810177b8        0x0 binaries/strncat.o
 .data          0x810177b8        0x0 binaries/strncmp.o
 .data          0x810177b8        0x0 binaries/strncpy.o
 .data          0x810177b8        0x0 binaries/strnlen.o
 .data          0x810177b8        0x0 binaries/strrchr.o
 .data          0x810177b8        0x0 binaries/strstr.o
 .data          0x810177b8        0x0 binaries/ttycontrol.o
 .data          0x810177b8        0x0 binaries/ttygetc.o
 .data          0x810177b8        0x0 binaries/ttyhandle_in.o
 .data          0x810177b8        0x0 binaries/ttyhandle_out.o
 .data          0x810177b8        0x0 binaries/ttyhandler.o
 .data          0x810177b8        0x0 binaries/ttyinit.o
 .data          0x810177b8        0x0 binaries/ttykickout.o
 .data          0x810177b8        0x0 binaries/ttyputc.o
 .data          0x810177b8        0x0 binaries/ttyread.o
 .data          0x810177b8        0x0 binaries/ttywrite.o
 .data          0x810177b8        0x0 binaries/adchandler.o
 .data          0x810177b8        0x0 binaries/adcinit.o
 .data          0x810177b8        0x0 binaries/adcread.o
 .data          0x810177b8        0x0 binaries/adcsysctrl.o
 .data          0x810177b8        0x0 binaries/mount.o
 .data          0x810177b8        0x0 binaries/naminit.o
 .data          0x810177b8        0x0 binaries/nammap.o
 .data          0x810177b8        0x0 binaries/namopen.o
 .data          0x810177b8        0x0 binaries/ethcontrol.o
 .data          0x810177b8        0x0 binaries/ethhandler.o
 .data          0x810177b8        0x0 binaries/ethinit.o
 .data          0x810177b8        0x0 binaries/ethread.o
 .data          0x810177b8        0x0 binaries/ethwrite.o
 .data          0x810177b8        0x0 binaries/rdsbufalloc.o
 .data          0x810177b8        0x0 binaries/rdsclose.o
 .data          0x810177b8        0x0 binaries/rdscomm.o
 .data          0x810177b8        0x0 binaries/rdscontrol.o
 .data          0x810177b8        0x0 binaries/rdsinit.o
 .data          0x810177b8        0x0 binaries/rdsopen.o
 .data          0x810177b8        0x0 binaries/rdsprocess.o
 .data          0x810177b8        0x0 binaries/rdsread.o
 .data          0x810177b8        0x0 binaries/rdswrite.o
 .data          0x810177b8        0x0 binaries/ramclose.o
 .data          0x810177b8        0x0 binaries/raminit.o
 .data          0x810177b8        0x0 binaries/ramopen.o
 .data          0x810177b8        0x0 binaries/ramread.o
 .data          0x810177b8        0x0 binaries/ramwrite.o
 .data          0x810177b8        0x0 binaries/lfdballoc.o
 .data          0x810177b8        0x0 binaries/lfdbfree.o
 .data          0x810177b8        0x0 binaries/lfflush.o
 .data          0x810177b8        0x0 binaries/lfgetmode.o
 .data          0x810177b8        0x0 binaries/lfiballoc.o
 .data          0x810177b8        0x0 binaries/lfibclear.o
 .data          0x810177b8        0x0 binaries/lfibget.o
 .data          0x810177b8        0x0 binaries/lfibput.o
 .data          0x810177b8        0x0 binaries/lflclose.o
 .data          0x810177b8        0x0 binaries/lflcontrol.o
 .data          0x810177b8        0x0 binaries/lflgetc.o
 .data          0x810177b8        0x0 binaries/lflinit.o
 .data          0x810177b8        0x0 binaries/lflputc.o
 .data          0x810177b8        0x0 binaries/lflread.o
 .data          0x810177b8        0x0 binaries/lflseek.o
 .data          0x810177b8        0x0 binaries/lflwrite.o
 .data          0x810177b8        0x0 binaries/lfscheck.o
 .data          0x810177b8        0x0 binaries/lfsckfmt.o
 .data          0x810177b8        0x0 binaries/lfscreate.o
 .data          0x810177b8        0x0 binaries/lfsetup.o
 .data          0x810177b8        0x0 binaries/lfsinit.o
 .data          0x810177b8        0x0 binaries/lfsopen.o
 .data          0x810177b8        0x0 binaries/lftruncate.o
 .data          0x810177b8        0x0 binaries/rflclose.o
 .data          0x810177b8        0x0 binaries/rflgetc.o
 .data          0x810177b8        0x0 binaries/rflinit.o
 .data          0x810177b8        0x0 binaries/rflputc.o
 .data          0x810177b8        0x0 binaries/rflread.o
 .data          0x810177b8        0x0 binaries/rflseek.o
 .data          0x810177b8        0x0 binaries/rflwrite.o
 .data          0x810177b8        0x0 binaries/rfscomm.o
 .data          0x810177b8        0x0 binaries/rfscontrol.o
 .data          0x810177b8        0x0 binaries/rfsgetmode.o
 .data          0x810177b8        0x0 binaries/rfsinit.o
 .data          0x810177b8        0x0 binaries/rfsndmsg.o
 .data          0x810177b8        0x0 binaries/rfsopen.o
 .data          0x810177b8        0x0 binaries/spicontrol.o
 .data          0x810177b8        0x0 binaries/spiinit.o
 .data          0x810177b8        0x0 binaries/arp.o
 .data          0x810177b8        0x0 binaries/dhcp.o
 .data          0x810177b8        0x0 binaries/dns.o
 .data          0x810177b8        0x0 binaries/dot2ip.o
 .data          0x810177b8        0x0 binaries/hexdump.o
 .data          0x810177b8        0x4 binaries/icmp.o
 .data          0x810177bc        0x0 binaries/ip.o
 .data          0x810177bc        0x0 binaries/net.o
 .data          0x810177bc        0x0 binaries/pdump.o
 .data          0x810177bc        0x0 binaries/tftp.o
 .data          0x810177bc        0x4 binaries/udp.o
 .data          0x810177c0        0x0 binaries/addargs.o
 .data          0x810177c0        0x0 binaries/lexan.o
 .data          0x810177c0        0x4 binaries/shell.o
                0x810177c0                ncmd
 .data          0x810177c4        0x0 binaries/xsh_argecho.o
 .data          0x810177c4        0x0 binaries/xsh_arp.o
 .data          0x810177c4        0x0 binaries/xsh_cat.o
 .data          0x810177c4        0x0 binaries/xsh_clear.o
 .data          0x810177c4        0x0 binaries/xsh_date.o
 .data          0x810177c4        0x0 binaries/xsh_devdump.o
 .data          0x810177c4        0x0 binaries/xsh_echo.o
 .data          0x810177c4        0x0 binaries/xsh_exit.o
 .data          0x810177c4        0x0 binaries/xsh_help.o
 .data          0x810177c4        0x0 binaries/xsh_kill.o
 .data          0x810177c4        0x0 binaries/xsh_memdump.o
 .data          0x810177c4        0x0 binaries/xsh_memstat.o
 .data          0x810177c4        0x0 binaries/xsh_netinfo.o
 .data          0x810177c4        0x0 binaries/xsh_ping.o
 .data          0x810177c4        0x0 binaries/xsh_ps.o
 .data          0x810177c4        0x0 binaries/xsh_sleep.o
 .data          0x810177c4        0x0 binaries/xsh_udpdump.o
 .data          0x810177c4        0x0 binaries/xsh_udpecho.o
 .data          0x810177c4        0x0 binaries/xsh_udpserver.o
 .data          0x810177c4        0x0 binaries/xsh_uptime.o
 .data          0x810177c4        0x0 binaries/ctxsw.o
 .data          0x810177c4        0x0 binaries/intr.o
 .data          0x810177c4        0x0 ../cross_compiler/lib/gcc/arm-none-eabi/4.8.1//libgcc.a(_udivsi3.o)
 .data          0x810177c4        0x0 ../cross_compiler/lib/gcc/arm-none-eabi/4.8.1//libgcc.a(_divsi3.o)
 .data          0x810177c4        0x0 ../cross_compiler/lib/gcc/arm-none-eabi/4.8.1//libgcc.a(_dvmd_tls.o)
 .data          0x810177c4        0x0 ../cross_compiler/lib/gcc/arm-none-eabi/4.8.1//libgcc.a(_arm_addsubdf3.o)
 .data          0x810177c4        0x0 ../cross_compiler/lib/gcc/arm-none-eabi/4.8.1//libgcc.a(_arm_muldivdf3.o)
 .data          0x810177c4        0x0 ../cross_compiler/lib/gcc/arm-none-eabi/4.8.1//libgcc.a(_arm_cmpdf2.o)
 .data          0x810177c4        0x0 ../cross_compiler/lib/gcc/arm-none-eabi/4.8.1//libgcc.a(_arm_fixdfsi.o)
 .data          0x810177c4        0x0 ../cross_compiler/lib/gcc/arm-none-eabi/4.8.1//libgcc.a(_arm_truncdfsf2.o)
 .data          0x810177c4        0x0 ../cross_compiler/lib/gcc/arm-none-eabi/4.8.1//libgcc.a(_arm_addsubsf3.o)
 .data          0x810177c4        0x0 ../cross_compiler/lib/gcc/arm-none-eabi/4.8.1//libgcc.a(_arm_muldivsf3.o)
 .data          0x810177c4        0x0 ../cross_compiler/lib/gcc/arm-none-eabi/4.8.1//libgcc.a(_arm_fixsfsi.o)
 .data          0x810177c4        0x0 ../cross_compiler/lib/gcc/arm-none-eabi/4.8.1//libgcc.a(_arm_fixunssfsi.o)
                0x810177c4                edata = ABSOLUTE (.)
                0x81018000                . = ALIGN (0x1000)
 *fill*         0x810177c4      0x83c 

.igot.plt       0x81018000        0x0
 .igot.plt      0x00000000        0x0 binaries/start.o

.bss            0x81018000    0x20000
                0x81018000                bss = ABSOLUTE (.)
 *(.bss .bss.*)
 .bss           0x81018000        0x0 binaries/start.o
 .bss           0x81018000        0x0 binaries/ascdate.o
 .bss           0x81018000        0x0 binaries/bufinit.o
 .bss           0x81018000        0x0 binaries/chprio.o
 .bss           0x81018000        0x0 binaries/clkhandler.o
 .bss           0x81018000        0x4 binaries/clkinit.o
                0x81018000                ctr1000
 .bss           0x81018004        0x0 binaries/close.o
 .bss           0x81018004        0x0 binaries/conf.o
 .bss           0x81018004        0x0 binaries/control.o
 .bss           0x81018004        0x0 binaries/create.o
 .bss           0x81018004        0x0 binaries/deviceoperations.o
 .bss           0x81018004        0x0 binaries/evec.o
 .bss           0x81018004        0x0 binaries/exit.o
 .bss           0x81018004        0x0 binaries/freebuf.o
 .bss           0x81018004        0x0 binaries/freemem.o
 .bss           0x81018004        0x0 binaries/getbuf.o
 .bss           0x81018004        0x0 binaries/getc.o
 .bss           0x81018004        0x0 binaries/getdev.o
 .bss           0x81018004        0x0 binaries/getitem.o
 .bss           0x81018004        0x0 binaries/getmem.o
 .bss           0x81018004        0x0 binaries/getpid.o
 .bss           0x81018004        0x0 binaries/getprio.o
 .bss           0x81018004        0x0 binaries/getstk.o
 .bss           0x81018004        0x0 binaries/getticks.o
 .bss           0x81018004        0x0 binaries/gettime.o
 .bss           0x81018004        0x0 binaries/getutime.o
 .bss           0x81018004        0x0 binaries/gpio.o
 .bss           0x81018004        0x0 binaries/init.o
 .bss           0x81018004        0x0 binaries/initialize.o
 .bss           0x81018004        0x0 binaries/insert.o
 .bss           0x81018004        0x0 binaries/insertd.o
 .bss           0x81018004        0x0 binaries/ioerr.o
 .bss           0x81018004        0x0 binaries/ionull.o
 .bss           0x81018004        0x0 binaries/kill.o
 .bss           0x81018004        0x0 binaries/kprintf.o
 .bss           0x81018004        0x0 binaries/main.o
 .bss           0x81018004        0x0 binaries/mark.o
 .bss           0x81018004        0x0 binaries/meminit.o
 .bss           0x81018004        0x0 binaries/mkbufpool.o
 .bss           0x81018004        0x0 binaries/newqueue.o
 .bss           0x81018004        0x0 binaries/open.o
 .bss           0x81018004        0x0 binaries/panic.o
 .bss           0x81018004        0x0 binaries/platinit.o
 .bss           0x81018004        0x0 binaries/ptclear.o
 .bss           0x81018004        0x0 binaries/ptcount.o
 .bss           0x81018004        0x0 binaries/ptcreate.o
 .bss           0x81018004        0x0 binaries/ptdelete.o
 .bss           0x81018004        0x0 binaries/ptinit.o
 .bss           0x81018004        0x0 binaries/ptrecv.o
 .bss           0x81018004        0x0 binaries/ptreset.o
 .bss           0x81018004        0x0 binaries/ptsend.o
 .bss           0x81018004        0x0 binaries/putc.o
 .bss           0x81018004        0x0 binaries/queue.o
 .bss           0x81018004        0x0 binaries/read.o
 .bss           0x81018004        0x0 binaries/ready.o
 .bss           0x81018004        0x0 binaries/receive.o
 .bss           0x81018004        0x0 binaries/recvclr.o
 .bss           0x81018004        0x0 binaries/recvtime.o
 .bss           0x81018004        0x0 binaries/resched.o
 .bss           0x81018004        0x0 binaries/resume.o
 .bss           0x81018004        0x0 binaries/seek.o
 .bss           0x81018004        0x0 binaries/semcount.o
 .bss           0x81018004        0x4 binaries/semcreate.o
 .bss           0x81018008        0x0 binaries/semdelete.o
 .bss           0x81018008        0x0 binaries/semreset.o
 .bss           0x81018008        0x0 binaries/send.o
 .bss           0x81018008        0x0 binaries/signal.o
 .bss           0x81018008        0x0 binaries/signaln.o
 .bss           0x81018008        0x0 binaries/sleep.o
 .bss           0x81018008        0x0 binaries/suspend.o
 .bss           0x81018008        0x0 binaries/unsleep.o
 .bss           0x81018008        0x0 binaries/userret.o
 .bss           0x81018008        0x0 binaries/wait.o
 .bss           0x81018008        0x0 binaries/wakeup.o
 .bss           0x81018008        0x0 binaries/write.o
 .bss           0x81018008        0x0 binaries/xdone.o
 .bss           0x81018008        0x0 binaries/yield.o
 .bss           0x81018008        0x0 binaries/abs.o
 .bss           0x81018008        0x0 binaries/atoi.o
 .bss           0x81018008        0x0 binaries/atol.o
 .bss           0x81018008        0x0 binaries/bzero.o
 .bss           0x81018008        0x0 binaries/ctype_.o
 .bss           0x81018008        0x0 binaries/doprnt.o
 .bss           0x81018008        0x0 binaries/doscan.o
 .bss           0x81018008        0x0 binaries/fdoprnt.o
 .bss           0x81018008        0x0 binaries/fgetc.o
 .bss           0x81018008        0x0 binaries/fgets.o
 .bss           0x81018008        0x0 binaries/fprintf.o
 .bss           0x81018008        0x0 binaries/fputc.o
 .bss           0x81018008        0x0 binaries/fputs.o
 .bss           0x81018008        0x0 binaries/fscanf.o
 .bss           0x81018008        0x0 binaries/getchar.o
 .bss           0x81018008        0x0 binaries/labs.o
 .bss           0x81018008        0x0 binaries/memchr.o
 .bss           0x81018008        0x0 binaries/memcmp.o
 .bss           0x81018008        0x0 binaries/memcpy.o
 .bss           0x81018008        0x0 binaries/memset.o
 .bss           0x81018008        0x0 binaries/printf.o
 .bss           0x81018008        0x0 binaries/putchar.o
 .bss           0x81018008        0x8 binaries/qsort.o
 .bss           0x81018010        0x0 binaries/rand.o
 .bss           0x81018010        0x0 binaries/sprintf.o
 .bss           0x81018010        0x0 binaries/sscanf.o
 .bss           0x81018010        0x0 binaries/strchr.o
 .bss           0x81018010        0x0 binaries/strcmp.o
 .bss           0x81018010        0x0 binaries/strcpy.o
 .bss           0x81018010        0x0 binaries/strlen.o
 .bss           0x81018010        0x0 binaries/strncat.o
 .bss           0x81018010        0x0 binaries/strncmp.o
 .bss           0x81018010        0x0 binaries/strncpy.o
 .bss           0x81018010        0x0 binaries/strnlen.o
 .bss           0x81018010        0x0 binaries/strrchr.o
 .bss           0x81018010        0x0 binaries/strstr.o
 .bss           0x81018010        0x0 binaries/ttycontrol.o
 .bss           0x81018010        0x0 binaries/ttygetc.o
 .bss           0x81018010        0x0 binaries/ttyhandle_in.o
 .bss           0x81018010        0x0 binaries/ttyhandle_out.o
 .bss           0x81018010        0x0 binaries/ttyhandler.o
 .bss           0x81018010        0x0 binaries/ttyinit.o
 .bss           0x81018010        0x0 binaries/ttykickout.o
 .bss           0x81018010        0x0 binaries/ttyputc.o
 .bss           0x81018010        0x0 binaries/ttyread.o
 .bss           0x81018010        0x0 binaries/ttywrite.o
 .bss           0x81018010        0x0 binaries/adchandler.o
 .bss           0x81018010        0x0 binaries/adcinit.o
 .bss           0x81018010        0x0 binaries/adcread.o
 .bss           0x81018010        0x0 binaries/adcsysctrl.o
 .bss           0x81018010        0x0 binaries/mount.o
 .bss           0x81018010        0x0 binaries/naminit.o
 .bss           0x81018010        0x0 binaries/nammap.o
 .bss           0x81018010        0x0 binaries/namopen.o
 .bss           0x81018010        0x0 binaries/ethcontrol.o
 .bss           0x81018010        0x0 binaries/ethhandler.o
 .bss           0x81018010        0x0 binaries/ethinit.o
 .bss           0x81018010        0x0 binaries/ethread.o
 .bss           0x81018010        0x0 binaries/ethwrite.o
 .bss           0x81018010        0x0 binaries/rdsbufalloc.o
 .bss           0x81018010        0x0 binaries/rdsclose.o
 .bss           0x81018010        0x0 binaries/rdscomm.o
 .bss           0x81018010        0x0 binaries/rdscontrol.o
 .bss           0x81018010        0x0 binaries/rdsinit.o
 .bss           0x81018010        0x0 binaries/rdsopen.o
 .bss           0x81018010        0x0 binaries/rdsprocess.o
 .bss           0x81018010        0x0 binaries/rdsread.o
 .bss           0x81018010        0x0 binaries/rdswrite.o
 .bss           0x81018010        0x0 binaries/ramclose.o
 .bss           0x81018010        0x0 binaries/raminit.o
 .bss           0x81018010        0x0 binaries/ramopen.o
 .bss           0x81018010        0x0 binaries/ramread.o
 .bss           0x81018010        0x0 binaries/ramwrite.o
 .bss           0x81018010        0x0 binaries/lfdballoc.o
 .bss           0x81018010        0x0 binaries/lfdbfree.o
 .bss           0x81018010        0x0 binaries/lfflush.o
 .bss           0x81018010        0x0 binaries/lfgetmode.o
 .bss           0x81018010        0x0 binaries/lfiballoc.o
 .bss           0x81018010        0x0 binaries/lfibclear.o
 .bss           0x81018010        0x0 binaries/lfibget.o
 .bss           0x81018010        0x0 binaries/lfibput.o
 .bss           0x81018010        0x0 binaries/lflclose.o
 .bss           0x81018010        0x0 binaries/lflcontrol.o
 .bss           0x81018010        0x0 binaries/lflgetc.o
 .bss           0x81018010        0x0 binaries/lflinit.o
 .bss           0x81018010        0x0 binaries/lflputc.o
 .bss           0x81018010        0x0 binaries/lflread.o
 .bss           0x81018010        0x0 binaries/lflseek.o
 .bss           0x81018010        0x0 binaries/lflwrite.o
 .bss           0x81018010        0x0 binaries/lfscheck.o
 .bss           0x81018010        0x0 binaries/lfsckfmt.o
 .bss           0x81018010        0x0 binaries/lfscreate.o
 .bss           0x81018010        0x0 binaries/lfsetup.o
 .bss           0x81018010        0x0 binaries/lfsinit.o
 .bss           0x81018010        0x0 binaries/lfsopen.o
 .bss           0x81018010        0x0 binaries/lftruncate.o
 .bss           0x81018010        0x0 binaries/rflclose.o
 .bss           0x81018010        0x0 binaries/rflgetc.o
 .bss           0x81018010        0x0 binaries/rflinit.o
 .bss           0x81018010        0x0 binaries/rflputc.o
 .bss           0x81018010        0x0 binaries/rflread.o
 .bss           0x81018010        0x0 binaries/rflseek.o
 .bss           0x81018010        0x0 binaries/rflwrite.o
 .bss           0x81018010        0x0 binaries/rfscomm.o
 .bss           0x81018010        0x0 binaries/rfscontrol.o
 .bss           0x81018010        0x0 binaries/rfsgetmode.o
 .bss           0x81018010        0x0 binaries/rfsinit.o
 .bss           0x81018010        0x0 binaries/rfsndmsg.o
 .bss           0x81018010        0x0 binaries/rfsopen.o
 .bss           0x81018010        0x0 binaries/spicontrol.o
 .bss           0x81018010        0x0 binaries/spiinit.o
 .bss           0x81018010        0x0 binaries/arp.o
 .bss           0x81018010        0x0 binaries/dhcp.o
 .bss           0x81018010        0x0 binaries/dns.o
 .bss           0x81018010        0x0 binaries/dot2ip.o
 .bss           0x81018010        0x0 binaries/hexdump.o
 .bss           0x81018010        0x0 binaries/icmp.o
 .bss           0x81018010        0x0 binaries/ip.o
 .bss           0x81018010        0x0 binaries/net.o
 .bss           0x81018010        0x0 binaries/pdump.o
 .bss           0x81018010        0x0 binaries/tftp.o
 .bss           0x81018010        0x0 binaries/udp.o
 .bss           0x81018010        0x0 binaries/addargs.o
 .bss           0x81018010        0x0 binaries/lexan.o
 .bss           0x81018010        0x0 binaries/shell.o
 .bss           0x81018010        0x0 binaries/xsh_argecho.o
 .bss           0x81018010        0x0 binaries/xsh_arp.o
 .bss           0x81018010        0x0 binaries/xsh_cat.o
 .bss           0x81018010        0x0 binaries/xsh_clear.o
 .bss           0x81018010        0x0 binaries/xsh_date.o
 .bss           0x81018010        0x0 binaries/xsh_devdump.o
 .bss           0x81018010        0x0 binaries/xsh_echo.o
 .bss           0x81018010        0x0 binaries/xsh_exit.o
 .bss           0x81018010        0x0 binaries/xsh_help.o
 .bss           0x81018010        0x0 binaries/xsh_kill.o
 .bss           0x81018010        0x0 binaries/xsh_memdump.o
 .bss           0x81018010        0x0 binaries/xsh_memstat.o
 .bss           0x81018010        0x0 binaries/xsh_netinfo.o
 .bss           0x81018010        0x4 binaries/xsh_ping.o
 .bss           0x81018014        0x0 binaries/xsh_ps.o
 .bss           0x81018014        0x0 binaries/xsh_sleep.o
 .bss           0x81018014        0x0 binaries/xsh_udpdump.o
 .bss           0x81018014        0x0 binaries/xsh_udpecho.o
 .bss           0x81018014        0x0 binaries/xsh_udpserver.o
 .bss           0x81018014        0x0 binaries/xsh_uptime.o
 .bss           0x81018014        0x0 binaries/ctxsw.o
 .bss           0x81018014        0x0 binaries/intr.o
 .bss           0x81018014        0x0 ../cross_compiler/lib/gcc/arm-none-eabi/4.8.1//libgcc.a(_udivsi3.o)
 .bss           0x81018014        0x0 ../cross_compiler/lib/gcc/arm-none-eabi/4.8.1//libgcc.a(_divsi3.o)
 .bss           0x81018014        0x0 ../cross_compiler/lib/gcc/arm-none-eabi/4.8.1//libgcc.a(_dvmd_tls.o)
 .bss           0x81018014        0x0 ../cross_compiler/lib/gcc/arm-none-eabi/4.8.1//libgcc.a(_arm_addsubdf3.o)
 .bss           0x81018014        0x0 ../cross_compiler/lib/gcc/arm-none-eabi/4.8.1//libgcc.a(_arm_muldivdf3.o)
 .bss           0x81018014        0x0 ../cross_compiler/lib/gcc/arm-none-eabi/4.8.1//libgcc.a(_arm_cmpdf2.o)
 .bss           0x81018014        0x0 ../cross_compiler/lib/gcc/arm-none-eabi/4.8.1//libgcc.a(_arm_fixdfsi.o)
 .bss           0x81018014        0x0 ../cross_compiler/lib/gcc/arm-none-eabi/4.8.1//libgcc.a(_arm_truncdfsf2.o)
 .bss           0x81018014        0x0 ../cross_compiler/lib/gcc/arm-none-eabi/4.8.1//libgcc.a(_arm_addsubsf3.o)
 .bss           0x81018014        0x0 ../cross_compiler/lib/gcc/arm-none-eabi/4.8.1//libgcc.a(_arm_muldivsf3.o)
 .bss           0x81018014        0x0 ../cross_compiler/lib/gcc/arm-none-eabi/4.8.1//libgcc.a(_arm_fixsfsi.o)
 .bss           0x81018014        0x0 ../cross_compiler/lib/gcc/arm-none-eabi/4.8.1//libgcc.a(_arm_fixunssfsi.o)
 *(COMMON)
 COMMON         0x81018014       0xf4 binaries/bufinit.o
                0x81018014                buftab
                0x81018104                nbpools
 COMMON         0x81018108        0xc binaries/clkinit.o
                0x81018108                sleepq
                0x8101810c                preempt
                0x81018110                clktime
 COMMON         0x81018114      0x200 binaries/evec.o
                0x81018114                intc_vector
 COMMON         0x81018314     0x1aa0 binaries/initialize.o
                0x81018314                currpid
                0x81018318                proctab
[...]
 .ARM.attributes
                0x00001efe       0x35 binaries/lfdballoc.o
 .ARM.attributes
                0x00001f33       0x35 binaries/lfdbfree.o
 .ARM.attributes
                0x00001f68       0x35 binaries/lfflush.o
 .ARM.attributes
                0x00001f9d       0x35 binaries/lfgetmode.o
 .ARM.attributes
                0x00001fd2       0x35 binaries/lfiballoc.o
 .ARM.attributes
                0x00002007       0x35 binaries/lfibclear.o
 .ARM.attributes
                0x0000203c       0x35 binaries/lfibget.o
 .ARM.attributes
                0x00002071       0x35 binaries/lfibput.o
 .ARM.attributes
                0x000020a6       0x35 binaries/lflclose.o
 .ARM.attributes
                0x000020db       0x35 binaries/lflcontrol.o
 .ARM.attributes
                0x00002110       0x35 binaries/lflgetc.o
 .ARM.attributes
                0x00002145       0x35 binaries/lflinit.o
 .ARM.attributes
                0x0000217a       0x35 binaries/lflputc.o
 .ARM.attributes
                0x000021af       0x35 binaries/lflread.o
 .ARM.attributes
                0x000021e4       0x35 binaries/lflseek.o
 .ARM.attributes
                0x00002219       0x35 binaries/lflwrite.o
 .ARM.attributes
                0x0000224e       0x35 binaries/lfscheck.o
 .ARM.attributes
                0x00002283       0x35 binaries/lfsckfmt.o
 .ARM.attributes
                0x000022b8       0x35 binaries/lfscreate.o
 .ARM.attributes
                0x000022ed       0x35 binaries/lfsetup.o
 .ARM.attributes
                0x00002322       0x35 binaries/lfsinit.o
 .ARM.attributes
                0x00002357       0x35 binaries/lfsopen.o
 .ARM.attributes
                0x0000238c       0x35 binaries/lftruncate.o
 .ARM.attributes
                0x000023c1       0x35 binaries/rflclose.o
 .ARM.attributes
                0x000023f6       0x35 binaries/rflgetc.o
 .ARM.attributes
                0x0000242b       0x35 binaries/rflinit.o
 .ARM.attributes
                0x00002460       0x35 binaries/rflputc.o
 .ARM.attributes
                0x00002495       0x35 binaries/rflread.o
 .ARM.attributes
                0x000024ca       0x35 binaries/rflseek.o
 .ARM.attributes
                0x000024ff       0x35 binaries/rflwrite.o
 .ARM.attributes
                0x00002534       0x35 binaries/rfscomm.o
 .ARM.attributes
                0x00002569       0x35 binaries/rfscontrol.o
 .ARM.attributes
                0x0000259e       0x35 binaries/rfsgetmode.o
 .ARM.attributes
                0x000025d3       0x35 binaries/rfsinit.o
 .ARM.attributes
                0x00002608       0x35 binaries/rfsndmsg.o
 .ARM.attributes
                0x0000263d       0x35 binaries/rfsopen.o
 .ARM.attributes
                0x00002672       0x35 binaries/spicontrol.o
 .ARM.attributes
                0x000026a7       0x35 binaries/spiinit.o
 .ARM.attributes
                0x000026dc       0x35 binaries/arp.o
 .ARM.attributes
                0x00002711       0x35 binaries/dhcp.o
 .ARM.attributes
                0x00002746       0x35 binaries/dns.o
 .ARM.attributes
                0x0000277b       0x35 binaries/dot2ip.o
 .ARM.attributes
                0x000027b0       0x35 binaries/hexdump.o
 .ARM.attributes
                0x000027e5       0x35 binaries/icmp.o
 .ARM.attributes
                0x0000281a       0x35 binaries/ip.o
 .ARM.attributes
                0x0000284f       0x35 binaries/net.o
 .ARM.attributes
                0x00002884       0x35 binaries/pdump.o
 .ARM.attributes
                0x000028b9       0x35 binaries/tftp.o
 .ARM.attributes
                0x000028ee       0x35 binaries/udp.o
 .ARM.attributes
                0x00002923       0x35 binaries/addargs.o
 .ARM.attributes
                0x00002958       0x35 binaries/lexan.o
 .ARM.attributes
                0x0000298d       0x35 binaries/shell.o
 .ARM.attributes
                0x000029c2       0x35 binaries/xsh_argecho.o
 .ARM.attributes
                0x000029f7       0x35 binaries/xsh_arp.o
 .ARM.attributes
                0x00002a2c       0x35 binaries/xsh_cat.o
 .ARM.attributes
                0x00002a61       0x35 binaries/xsh_clear.o
 .ARM.attributes
                0x00002a96       0x35 binaries/xsh_date.o
 .ARM.attributes
                0x00002acb       0x35 binaries/xsh_devdump.o
 .ARM.attributes
                0x00002b00       0x35 binaries/xsh_echo.o
 .ARM.attributes
                0x00002b35       0x35 binaries/xsh_exit.o
 .ARM.attributes
                0x00002b6a       0x35 binaries/xsh_help.o
 .ARM.attributes
                0x00002b9f       0x35 binaries/xsh_kill.o
 .ARM.attributes
                0x00002bd4       0x35 binaries/xsh_memdump.o
 .ARM.attributes
                0x00002c09       0x35 binaries/xsh_memstat.o
 .ARM.attributes
                0x00002c3e       0x35 binaries/xsh_netinfo.o
 .ARM.attributes
                0x00002c73       0x35 binaries/xsh_ping.o
 .ARM.attributes
                0x00002ca8       0x35 binaries/xsh_ps.o
 .ARM.attributes
                0x00002cdd       0x35 binaries/xsh_sleep.o
 .ARM.attributes
                0x00002d12       0x35 binaries/xsh_udpdump.o
 .ARM.attributes
                0x00002d47       0x35 binaries/xsh_udpecho.o
 .ARM.attributes
                0x00002d7c       0x35 binaries/xsh_udpserver.o
 .ARM.attributes
                0x00002db1       0x35 binaries/xsh_uptime.o
 .ARM.attributes
                0x00002de6       0x25 binaries/ctxsw.o
 .ARM.attributes
                0x00002e0b       0x25 binaries/intr.o
 .ARM.attributes
                0x00002e30       0x18 ../cross_compiler/lib/gcc/arm-none-eabi/4.8.1//libgcc.a(_udivsi3.o)
 .ARM.attributes
                0x00002e48       0x18 ../cross_compiler/lib/gcc/arm-none-eabi/4.8.1//libgcc.a(_divsi3.o)
 .ARM.attributes
                0x00002e60       0x18 ../cross_compiler/lib/gcc/arm-none-eabi/4.8.1//libgcc.a(_dvmd_tls.o)
 .ARM.attributes
                0x00002e78       0x18 ../cross_compiler/lib/gcc/arm-none-eabi/4.8.1//libgcc.a(_arm_addsubdf3.o)
 .ARM.attributes
                0x00002e90       0x18 ../cross_compiler/lib/gcc/arm-none-eabi/4.8.1//libgcc.a(_arm_muldivdf3.o)
 .ARM.attributes
                0x00002ea8       0x18 ../cross_compiler/lib/gcc/arm-none-eabi/4.8.1//libgcc.a(_arm_cmpdf2.o)
 .ARM.attributes
                0x00002ec0       0x18 ../cross_compiler/lib/gcc/arm-none-eabi/4.8.1//libgcc.a(_arm_fixdfsi.o)
 .ARM.attributes
                0x00002ed8       0x18 ../cross_compiler/lib/gcc/arm-none-eabi/4.8.1//libgcc.a(_arm_truncdfsf2.o)
 .ARM.attributes
                0x00002ef0       0x18 ../cross_compiler/lib/gcc/arm-none-eabi/4.8.1//libgcc.a(_arm_addsubsf3.o)
 .ARM.attributes
                0x00002f08       0x18 ../cross_compiler/lib/gcc/arm-none-eabi/4.8.1//libgcc.a(_arm_muldivsf3.o)
 .ARM.attributes
                0x00002f20       0x18 ../cross_compiler/lib/gcc/arm-none-eabi/4.8.1//libgcc.a(_arm_fixsfsi.o)
 .ARM.attributes
                0x00002f38       0x18 ../cross_compiler/lib/gcc/arm-none-eabi/4.8.1//libgcc.a(_arm_fixunssfsi.o)

.comment        0x00000000       0x30
 .comment       0x00000000       0x30 binaries/ascdate.o
                                 0x31 (size before relaxing)
 .comment       0x00000000       0x31 binaries/bufinit.o
 .comment       0x00000000       0x31 binaries/chprio.o
 .comment       0x00000000       0x31 binaries/clkhandler.o
 .comment       0x00000000       0x31 binaries/clkinit.o
 .comment       0x00000000       0x31 binaries/close.o
 .comment       0x00000000       0x31 binaries/conf.o
 .comment       0x00000000       0x31 binaries/control.o
 .comment       0x00000000       0x31 binaries/create.o
 .comment       0x00000000       0x31 binaries/deviceoperations.o
 .comment       0x00000000       0x31 binaries/evec.o
 .comment       0x00000000       0x31 binaries/exit.o
 .comment       0x00000000       0x31 binaries/freebuf.o
 .comment       0x00000000       0x31 binaries/freemem.o
 .comment       0x00000000       0x31 binaries/getbuf.o
 .comment       0x00000000       0x31 binaries/getc.o
 .comment       0x00000000       0x31 binaries/getdev.o
 .comment       0x00000000       0x31 binaries/getitem.o
 .comment       0x00000000       0x31 binaries/getmem.o
 .comment       0x00000000       0x31 binaries/getpid.o
 .comment       0x00000000       0x31 binaries/getprio.o
 .comment       0x00000000       0x31 binaries/getstk.o
 .comment       0x00000000       0x31 binaries/getticks.o
 .comment       0x00000000       0x31 binaries/gettime.o
 .comment       0x00000000       0x31 binaries/getutime.o
 .comment       0x00000000       0x31 binaries/gpio.o
 .comment       0x00000000       0x31 binaries/init.o
 .comment       0x00000000       0x31 binaries/initialize.o
 .comment       0x00000000       0x31 binaries/insert.o
 .comment       0x00000000       0x31 binaries/insertd.o
 .comment       0x00000000       0x31 binaries/ioerr.o
 .comment       0x00000000       0x31 binaries/ionull.o
 .comment       0x00000000       0x31 binaries/kill.o
 .comment       0x00000000       0x31 binaries/kprintf.o
 .comment       0x00000000       0x31 binaries/main.o
 .comment       0x00000000       0x31 binaries/mark.o
 .comment       0x00000000       0x31 binaries/meminit.o
 .comment       0x00000000       0x31 binaries/mkbufpool.o
 .comment       0x00000000       0x31 binaries/newqueue.o
 .comment       0x00000000       0x31 binaries/open.o
 .comment       0x00000000       0x31 binaries/panic.o
 .comment       0x00000000       0x31 binaries/platinit.o
 .comment       0x00000000       0x31 binaries/ptclear.o
 .comment       0x00000000       0x31 binaries/ptcount.o
 .comment       0x00000000       0x31 binaries/ptcreate.o
 .comment       0x00000000       0x31 binaries/ptdelete.o
 .comment       0x00000000       0x31 binaries/ptinit.o
 .comment       0x00000000       0x31 binaries/ptrecv.o
 .comment       0x00000000       0x31 binaries/ptreset.o
 .comment       0x00000000       0x31 binaries/ptsend.o
 .comment       0x00000000       0x31 binaries/putc.o
 .comment       0x00000000       0x31 binaries/queue.o
 .comment       0x00000000       0x31 binaries/read.o
 .comment       0x00000000       0x31 binaries/ready.o
 .comment       0x00000000       0x31 binaries/receive.o
 .comment       0x00000000       0x31 binaries/recvclr.o
 .comment       0x00000000       0x31 binaries/recvtime.o
 .comment       0x00000000       0x31 binaries/resched.o
 .comment       0x00000000       0x31 binaries/resume.o
 .comment       0x00000000       0x31 binaries/seek.o
 .comment       0x00000000       0x31 binaries/semcount.o
 .comment       0x00000000       0x31 binaries/semcreate.o
 .comment       0x00000000       0x31 binaries/semdelete.o
 .comment       0x00000000       0x31 binaries/semreset.o
 .comment       0x00000000       0x31 binaries/send.o
 .comment       0x00000000       0x31 binaries/signal.o
 .comment       0x00000000       0x31 binaries/signaln.o
 .comment       0x00000000       0x31 binaries/sleep.o
 .comment       0x00000000       0x31 binaries/suspend.o
 .comment       0x00000000       0x31 binaries/unsleep.o
 .comment       0x00000000       0x31 binaries/userret.o
 .comment       0x00000000       0x31 binaries/wait.o
 .comment       0x00000000       0x31 binaries/wakeup.o
 .comment       0x00000000       0x31 binaries/write.o
 .comment       0x00000000       0x31 binaries/xdone.o
 .comment       0x00000000       0x31 binaries/yield.o
 .comment       0x00000000       0x31 binaries/abs.o
 .comment       0x00000000       0x31 binaries/atoi.o
 .comment       0x00000000       0x31 binaries/atol.o
 .comment       0x00000000       0x31 binaries/bzero.o
 .comment       0x00000000       0x31 binaries/ctype_.o
 .comment       0x00000000       0x31 binaries/doprnt.o
 .comment       0x00000000       0x31 binaries/doscan.o
 .comment       0x00000000       0x31 binaries/fdoprnt.o
 .comment       0x00000000       0x31 binaries/fgetc.o
 .comment       0x00000000       0x31 binaries/fgets.o
 .comment       0x00000000       0x31 binaries/fprintf.o
 .comment       0x00000000       0x31 binaries/fputc.o
 .comment       0x00000000       0x31 binaries/fputs.o
 .comment       0x00000000       0x31 binaries/fscanf.o
 .comment       0x00000000       0x31 binaries/getchar.o
 .comment       0x00000000       0x31 binaries/labs.o
 .comment       0x00000000       0x31 binaries/memchr.o
 .comment       0x00000000       0x31 binaries/memcmp.o
 .comment       0x00000000       0x31 binaries/memcpy.o
 .comment       0x00000000       0x31 binaries/memset.o
 .comment       0x00000000       0x31 binaries/printf.o
 .comment       0x00000000       0x31 binaries/putchar.o
 .comment       0x00000000       0x31 binaries/qsort.o
 .comment       0x00000000       0x31 binaries/rand.o
 .comment       0x00000000       0x31 binaries/sprintf.o
 .comment       0x00000000       0x31 binaries/sscanf.o
 .comment       0x00000000       0x31 binaries/strchr.o
 .comment       0x00000000       0x31 binaries/strcmp.o
 .comment       0x00000000       0x31 binaries/strcpy.o
 .comment       0x00000000       0x31 binaries/strlen.o
 .comment       0x00000000       0x31 binaries/strncat.o
 .comment       0x00000000       0x31 binaries/strncmp.o
 .comment       0x00000000       0x31 binaries/strncpy.o
 .comment       0x00000000       0x31 binaries/strnlen.o
 .comment       0x00000000       0x31 binaries/strrchr.o
 .comment       0x00000000       0x31 binaries/strstr.o
 .comment       0x00000000       0x31 binaries/ttycontrol.o
 .comment       0x00000000       0x31 binaries/ttygetc.o
 .comment       0x00000000       0x31 binaries/ttyhandle_in.o
 .comment       0x00000000       0x31 binaries/ttyhandle_out.o
 .comment       0x00000000       0x31 binaries/ttyhandler.o
 .comment       0x00000000       0x31 binaries/ttyinit.o
 .comment       0x00000000       0x31 binaries/ttykickout.o
 .comment       0x00000000       0x31 binaries/ttyputc.o
 .comment       0x00000000       0x31 binaries/ttyread.o
 .comment       0x00000000       0x31 binaries/ttywrite.o
 .comment       0x00000000       0x31 binaries/adchandler.o
 .comment       0x00000000       0x31 binaries/adcinit.o
 .comment       0x00000000       0x31 binaries/adcread.o
 .comment       0x00000000       0x31 binaries/adcsysctrl.o
 .comment       0x00000000       0x31 binaries/mount.o
 .comment       0x00000000       0x31 binaries/naminit.o
 .comment       0x00000000       0x31 binaries/nammap.o
 .comment       0x00000000       0x31 binaries/namopen.o
 .comment       0x00000000       0x31 binaries/ethcontrol.o
 .comment       0x00000000       0x31 binaries/ethhandler.o
 .comment       0x00000000       0x31 binaries/ethinit.o
 .comment       0x00000000       0x31 binaries/ethread.o
 .comment       0x00000000       0x31 binaries/ethwrite.o
 .comment       0x00000000       0x31 binaries/rdsbufalloc.o
 .comment       0x00000000       0x31 binaries/rdsclose.o
 .comment       0x00000000       0x31 binaries/rdscomm.o
 .comment       0x00000000       0x31 binaries/rdscontrol.o
 .comment       0x00000000       0x31 binaries/rdsinit.o
 .comment       0x00000000       0x31 binaries/rdsopen.o
 .comment       0x00000000       0x31 binaries/rdsprocess.o
 .comment       0x00000000       0x31 binaries/rdsread.o
 .comment       0x00000000       0x31 binaries/rdswrite.o
 .comment       0x00000000       0x31 binaries/ramclose.o
 .comment       0x00000000       0x31 binaries/raminit.o
 .comment       0x00000000       0x31 binaries/ramopen.o
 .comment       0x00000000       0x31 binaries/ramread.o
 .comment       0x00000000       0x31 binaries/ramwrite.o
 .comment       0x00000000       0x31 binaries/lfdballoc.o
 .comment       0x00000000       0x31 binaries/lfdbfree.o
 .comment       0x00000000       0x31 binaries/lfflush.o
 .comment       0x00000000       0x31 binaries/lfgetmode.o
 .comment       0x00000000       0x31 binaries/lfiballoc.o
 .comment       0x00000000       0x31 binaries/lfibclear.o
 .comment       0x00000000       0x31 binaries/lfibget.o
 .comment       0x00000000       0x31 binaries/lfibput.o
 .comment       0x00000000       0x31 binaries/lflclose.o
 .comment       0x00000000       0x31 binaries/lflcontrol.o
 .comment       0x00000000       0x31 binaries/lflgetc.o
 .comment       0x00000000       0x31 binaries/lflinit.o
 .comment       0x00000000       0x31 binaries/lflputc.o
 .comment       0x00000000       0x31 binaries/lflread.o
 .comment       0x00000000       0x31 binaries/lflseek.o
 .comment       0x00000000       0x31 binaries/lflwrite.o
 .comment       0x00000000       0x31 binaries/lfscheck.o
 .comment       0x00000000       0x31 binaries/lfsckfmt.o
 .comment       0x00000000       0x31 binaries/lfscreate.o
 .comment       0x00000000       0x31 binaries/lfsetup.o
 .comment       0x00000000       0x31 binaries/lfsinit.o
 .comment       0x00000000       0x31 binaries/lfsopen.o
 .comment       0x00000000       0x31 binaries/lftruncate.o
 .comment       0x00000000       0x31 binaries/rflclose.o
 .comment       0x00000000       0x31 binaries/rflgetc.o
 .comment       0x00000000       0x31 binaries/rflinit.o
 .comment       0x00000000       0x31 binaries/rflputc.o
 .comment       0x00000000       0x31 binaries/rflread.o
 .comment       0x00000000       0x31 binaries/rflseek.o
 .comment       0x00000000       0x31 binaries/rflwrite.o
 .comment       0x00000000       0x31 binaries/rfscomm.o
 .comment       0x00000000       0x31 binaries/rfscontrol.o
 .comment       0x00000000       0x31 binaries/rfsgetmode.o
 .comment       0x00000000       0x31 binaries/rfsinit.o
 .comment       0x00000000       0x31 binaries/rfsndmsg.o
 .comment       0x00000000       0x31 binaries/rfsopen.o
 .comment       0x00000000       0x31 binaries/spicontrol.o
 .comment       0x00000000       0x31 binaries/spiinit.o
 .comment       0x00000000       0x31 binaries/arp.o
 .comment       0x00000000       0x31 binaries/dhcp.o
 .comment       0x00000000       0x31 binaries/dns.o
 .comment       0x00000000       0x31 binaries/dot2ip.o
 .comment       0x00000000       0x31 binaries/hexdump.o
 .comment       0x00000000       0x31 binaries/icmp.o
 .comment       0x00000000       0x31 binaries/ip.o
 .comment       0x00000000       0x31 binaries/net.o
 .comment       0x00000000       0x31 binaries/pdump.o
 .comment       0x00000000       0x31 binaries/tftp.o
 .comment       0x00000000       0x31 binaries/udp.o
 .comment       0x00000000       0x31 binaries/addargs.o
 .comment       0x00000000       0x31 binaries/lexan.o
 .comment       0x00000000       0x31 binaries/shell.o
 .comment       0x00000000       0x31 binaries/xsh_argecho.o
 .comment       0x00000000       0x31 binaries/xsh_arp.o
 .comment       0x00000000       0x31 binaries/xsh_cat.o
 .comment       0x00000000       0x31 binaries/xsh_clear.o
 .comment       0x00000000       0x31 binaries/xsh_date.o
 .comment       0x00000000       0x31 binaries/xsh_devdump.o
 .comment       0x00000000       0x31 binaries/xsh_echo.o
 .comment       0x00000000       0x31 binaries/xsh_exit.o
 .comment       0x00000000       0x31 binaries/xsh_help.o
 .comment       0x00000000       0x31 binaries/xsh_kill.o
 .comment       0x00000000       0x31 binaries/xsh_memdump.o
 .comment       0x00000000       0x31 binaries/xsh_memstat.o
 .comment       0x00000000       0x31 binaries/xsh_netinfo.o
 .comment       0x00000000       0x31 binaries/xsh_ping.o
 .comment       0x00000000       0x31 binaries/xsh_ps.o
 .comment       0x00000000       0x31 binaries/xsh_sleep.o
 .comment       0x00000000       0x31 binaries/xsh_udpdump.o
 .comment       0x00000000       0x31 binaries/xsh_udpecho.o
 .comment       0x00000000       0x31 binaries/xsh_udpserver.o
 .comment       0x00000000       0x31 binaries/xsh_uptime.o

.debug_frame    0x00000000       0x40
 .debug_frame   0x00000000       0x20 ../cross_compiler/lib/gcc/arm-none-eabi/4.8.1//libgcc.a(_udivsi3.o)
 .debug_frame   0x00000020       0x20 ../cross_compiler/lib/gcc/arm-none-eabi/4.8.1//libgcc.a(_divsi3.o)
